This is XeTeX, Version 3.141592653-2.6-0.999996 (TeX Live 2024) (preloaded format=xelatex)
 restricted \write18 enabled.
entering extended mode
(./template.tex
LaTeX2e <2023-11-01> patch level 1
L3 programming layer <2024-02-20>
(./Definitions/mdpi.cls
Document Class: Definitions/mdpi 13/03/2026 MDPI paper class
(/usr/local/texlive/2024/texmf-dist/tex/latex/base/article.cls
Document Class: article 2023/05/17 v1.4n Standard LaTeX document class
(/usr/local/texlive/2024/texmf-dist/tex/latex/base/size10.clo))
(/usr/local/texlive/2024/texmf-dist/tex/latex/base/fontenc.sty
(/usr/local/texlive/2024/texmf-dist/tex/latex/lm/t1lmr.fd))
(/usr/local/texlive/2024/texmf-dist/tex/latex/base/inputenc.sty

Package inputenc Warning: inputenc package ignored with utf8 based engines.

) (/usr/local/texlive/2024/texmf-dist/tex/latex/tools/calc.sty)
(/usr/local/texlive/2024/texmf-dist/tex/latex/tools/indentfirst.sty)
(/usr/local/texlive/2024/texmf-dist/tex/latex/fancyhdr/fancyhdr.sty)
(/usr/local/texlive/2024/texmf-dist/tex/latex/graphics/graphicx.sty
(/usr/local/texlive/2024/texmf-dist/tex/latex/graphics/keyval.sty)
(/usr/local/texlive/2024/texmf-dist/tex/latex/graphics/graphics.sty
(/usr/local/texlive/2024/texmf-dist/tex/latex/graphics/trig.sty)
(/usr/local/texlive/2024/texmf-dist/tex/latex/graphics-cfg/graphics.cfg)
(/usr/local/texlive/2024/texmf-dist/tex/latex/graphics-def/xetex.def)))
(/usr/local/texlive/2024/texmf-dist/tex/latex/epstopdf-pkg/epstopdf.sty
(/usr/local/texlive/2024/texmf-dist/tex/generic/infwarerr/infwarerr.sty)
(/usr/local/texlive/2024/texmf-dist/tex/latex/grfext/grfext.sty
(/usr/local/texlive/2024/texmf-dist/tex/generic/kvdefinekeys/kvdefinekeys.sty))
 (/usr/local/texlive/2024/texmf-dist/tex/latex/kvoptions/kvoptions.sty
(/usr/local/texlive/2024/texmf-dist/tex/generic/ltxcmds/ltxcmds.sty)
(/usr/local/texlive/2024/texmf-dist/tex/latex/kvsetkeys/kvsetkeys.sty))
(/usr/local/texlive/2024/texmf-dist/tex/generic/pdftexcmds/pdftexcmds.sty
(/usr/local/texlive/2024/texmf-dist/tex/generic/iftex/iftex.sty))
(/usr/local/texlive/2024/texmf-dist/tex/latex/epstopdf-pkg/epstopdf-base.sty

Package epstopdf Warning: Drivers other than `pdftex' and `luatex' are not supp
orted.

)) (/usr/local/texlive/2024/texmf-dist/tex/latex/lastpage/lastpage.sty
(/usr/local/texlive/2024/texmf-dist/tex/latex/lastpage/lastpage2e.sty
(/usr/local/texlive/2024/texmf-dist/tex/latex/lastpage/lastpagemodern.sty)
)) (/usr/local/texlive/2024/texmf-dist/tex/latex/base/ifthen.sty)
(/usr/local/texlive/2024/texmf-dist/tex/latex/float/float.sty)
(/usr/local/texlive/2024/texmf-dist/tex/latex/amsmath/amsmath.sty
For additional information on amsmath, use the `?' option.
(/usr/local/texlive/2024/texmf-dist/tex/latex/amsmath/amstext.sty
(/usr/local/texlive/2024/texmf-dist/tex/latex/amsmath/amsgen.sty))
(/usr/local/texlive/2024/texmf-dist/tex/latex/amsmath/amsbsy.sty)
(/usr/local/texlive/2024/texmf-dist/tex/latex/amsmath/amsopn.sty))
(/usr/local/texlive/2024/texmf-dist/tex/latex/amsfonts/amssymb.sty
(/usr/local/texlive/2024/texmf-dist/tex/latex/amsfonts/amsfonts.sty))
(/usr/local/texlive/2024/texmf-dist/tex/latex/lineno/lineno.sty
(/usr/local/texlive/2024/texmf-dist/tex/latex/etoolbox/etoolbox.sty))
(/usr/local/texlive/2024/texmf-dist/tex/latex/setspace/setspace.sty)
(/usr/local/texlive/2024/texmf-dist/tex/latex/enumitem/enumitem.sty)
(/usr/local/texlive/2024/texmf-dist/tex/latex/psnfss/mathpazo.sty)
(/usr/local/texlive/2024/texmf-dist/tex/latex/booktabs/booktabs.sty)
(/usr/local/texlive/2024/texmf-dist/tex/latex/titlesec/titlesec.sty)
(/usr/local/texlive/2024/texmf-dist/tex/latex/tabto-ltx/tabto.sty)
(/usr/local/texlive/2024/texmf-dist/tex/latex/xcolor/xcolor.sty
(/usr/local/texlive/2024/texmf-dist/tex/latex/graphics-cfg/color.cfg)
(/usr/local/texlive/2024/texmf-dist/tex/latex/graphics/mathcolor.ltx))
(/usr/local/texlive/2024/texmf-dist/tex/latex/colortbl/colortbl.sty
(/usr/local/texlive/2024/texmf-dist/tex/latex/tools/array.sty))
(/usr/local/texlive/2024/texmf-dist/tex/generic/soul/soul.sty
(/usr/local/texlive/2024/texmf-dist/tex/generic/soul/soul-ori.sty)
(/usr/local/texlive/2024/texmf-dist/tex/generic/etexcmds/etexcmds.sty))
(/usr/local/texlive/2024/texmf-dist/tex/latex/multirow/multirow.sty)
(/usr/local/texlive/2024/texmf-dist/tex/latex/microtype/microtype.sty
(/usr/local/texlive/2024/texmf-dist/tex/latex/microtype/microtype-xetex.def)
(/usr/local/texlive/2024/texmf-dist/tex/latex/microtype/microtype.cfg))
(/usr/local/texlive/2024/texmf-dist/tex/latex/pgf/frontendlayer/tikz.sty
(/usr/local/texlive/2024/texmf-dist/tex/latex/pgf/basiclayer/pgf.sty
(/usr/local/texlive/2024/texmf-dist/tex/latex/pgf/utilities/pgfrcs.sty
(/usr/local/texlive/2024/texmf-dist/tex/generic/pgf/utilities/pgfutil-common.te
x)
(/usr/local/texlive/2024/texmf-dist/tex/generic/pgf/utilities/pgfutil-latex.def
) (/usr/local/texlive/2024/texmf-dist/tex/generic/pgf/utilities/pgfrcs.code.tex
(/usr/local/texlive/2024/texmf-dist/tex/generic/pgf/pgf.revision.tex)))
(/usr/local/texlive/2024/texmf-dist/tex/latex/pgf/basiclayer/pgfcore.sty
(/usr/local/texlive/2024/texmf-dist/tex/latex/pgf/systemlayer/pgfsys.sty
(/usr/local/texlive/2024/texmf-dist/tex/generic/pgf/systemlayer/pgfsys.code.tex
(/usr/local/texlive/2024/texmf-dist/tex/generic/pgf/utilities/pgfkeys.code.tex
(/usr/local/texlive/2024/texmf-dist/tex/generic/pgf/utilities/pgfkeyslibraryfil
tered.code.tex))
(/usr/local/texlive/2024/texmf-dist/tex/generic/pgf/systemlayer/pgf.cfg)
(/usr/local/texlive/2024/texmf-dist/tex/generic/pgf/systemlayer/pgfsys-xetex.de
f
(/usr/local/texlive/2024/texmf-dist/tex/generic/pgf/systemlayer/pgfsys-dvipdfmx
.def
(/usr/local/texlive/2024/texmf-dist/tex/generic/pgf/systemlayer/pgfsys-common-p
df.def))))
(/usr/local/texlive/2024/texmf-dist/tex/generic/pgf/systemlayer/pgfsyssoftpath.
code.tex)
(/usr/local/texlive/2024/texmf-dist/tex/generic/pgf/systemlayer/pgfsysprotocol.
code.tex))
(/usr/local/texlive/2024/texmf-dist/tex/generic/pgf/basiclayer/pgfcore.code.tex
(/usr/local/texlive/2024/texmf-dist/tex/generic/pgf/math/pgfmath.code.tex
(/usr/local/texlive/2024/texmf-dist/tex/generic/pgf/math/pgfmathutil.code.tex)
(/usr/local/texlive/2024/texmf-dist/tex/generic/pgf/math/pgfmathparser.code.tex
)
(/usr/local/texlive/2024/texmf-dist/tex/generic/pgf/math/pgfmathfunctions.code.
tex)
(/usr/local/texlive/2024/texmf-dist/tex/generic/pgf/math/pgfmathfunctions.basic
.code.tex)
(/usr/local/texlive/2024/texmf-dist/tex/generic/pgf/math/pgfmathfunctions.trigo
nometric.code.tex)
(/usr/local/texlive/2024/texmf-dist/tex/generic/pgf/math/pgfmathfunctions.rando
m.code.tex)
(/usr/local/texlive/2024/texmf-dist/tex/generic/pgf/math/pgfmathfunctions.compa
rison.code.tex)
(/usr/local/texlive/2024/texmf-dist/tex/generic/pgf/math/pgfmathfunctions.base.
code.tex)
(/usr/local/texlive/2024/texmf-dist/tex/generic/pgf/math/pgfmathfunctions.round
.code.tex)
(/usr/local/texlive/2024/texmf-dist/tex/generic/pgf/math/pgfmathfunctions.misc.
code.tex)
(/usr/local/texlive/2024/texmf-dist/tex/generic/pgf/math/pgfmathfunctions.integ
erarithmetics.code.tex)
(/usr/local/texlive/2024/texmf-dist/tex/generic/pgf/math/pgfmathcalc.code.tex)
(/usr/local/texlive/2024/texmf-dist/tex/generic/pgf/math/pgfmathfloat.code.tex)
) (/usr/local/texlive/2024/texmf-dist/tex/generic/pgf/math/pgfint.code.tex)
(/usr/local/texlive/2024/texmf-dist/tex/generic/pgf/basiclayer/pgfcorepoints.co
de.tex)
(/usr/local/texlive/2024/texmf-dist/tex/generic/pgf/basiclayer/pgfcorepathconst
ruct.code.tex)
(/usr/local/texlive/2024/texmf-dist/tex/generic/pgf/basiclayer/pgfcorepathusage
.code.tex)
(/usr/local/texlive/2024/texmf-dist/tex/generic/pgf/basiclayer/pgfcorescopes.co
de.tex)
(/usr/local/texlive/2024/texmf-dist/tex/generic/pgf/basiclayer/pgfcoregraphicst
ate.code.tex)
(/usr/local/texlive/2024/texmf-dist/tex/generic/pgf/basiclayer/pgfcoretransform
ations.code.tex)
(/usr/local/texlive/2024/texmf-dist/tex/generic/pgf/basiclayer/pgfcorequick.cod
e.tex)
(/usr/local/texlive/2024/texmf-dist/tex/generic/pgf/basiclayer/pgfcoreobjects.c
ode.tex)
(/usr/local/texlive/2024/texmf-dist/tex/generic/pgf/basiclayer/pgfcorepathproce
ssing.code.tex)
(/usr/local/texlive/2024/texmf-dist/tex/generic/pgf/basiclayer/pgfcorearrows.co
de.tex)
(/usr/local/texlive/2024/texmf-dist/tex/generic/pgf/basiclayer/pgfcoreshade.cod
e.tex)
(/usr/local/texlive/2024/texmf-dist/tex/generic/pgf/basiclayer/pgfcoreimage.cod
e.tex)
(/usr/local/texlive/2024/texmf-dist/tex/generic/pgf/basiclayer/pgfcoreexternal.
code.tex)
(/usr/local/texlive/2024/texmf-dist/tex/generic/pgf/basiclayer/pgfcorelayers.co
de.tex)
(/usr/local/texlive/2024/texmf-dist/tex/generic/pgf/basiclayer/pgfcoretranspare
ncy.code.tex)
(/usr/local/texlive/2024/texmf-dist/tex/generic/pgf/basiclayer/pgfcorepatterns.
code.tex)
(/usr/local/texlive/2024/texmf-dist/tex/generic/pgf/basiclayer/pgfcorerdf.code.
tex)))
(/usr/local/texlive/2024/texmf-dist/tex/generic/pgf/modules/pgfmoduleshapes.cod
e.tex)
(/usr/local/texlive/2024/texmf-dist/tex/generic/pgf/modules/pgfmoduleplot.code.
tex)
(/usr/local/texlive/2024/texmf-dist/tex/latex/pgf/compatibility/pgfcomp-version
-0-65.sty)
(/usr/local/texlive/2024/texmf-dist/tex/latex/pgf/compatibility/pgfcomp-version
-1-18.sty))
(/usr/local/texlive/2024/texmf-dist/tex/latex/pgf/utilities/pgffor.sty
(/usr/local/texlive/2024/texmf-dist/tex/latex/pgf/utilities/pgfkeys.sty
(/usr/local/texlive/2024/texmf-dist/tex/generic/pgf/utilities/pgfkeys.code.tex)
) (/usr/local/texlive/2024/texmf-dist/tex/latex/pgf/math/pgfmath.sty
(/usr/local/texlive/2024/texmf-dist/tex/generic/pgf/math/pgfmath.code.tex))
(/usr/local/texlive/2024/texmf-dist/tex/generic/pgf/utilities/pgffor.code.tex))

(/usr/local/texlive/2024/texmf-dist/tex/generic/pgf/frontendlayer/tikz/tikz.cod
e.tex
(/usr/local/texlive/2024/texmf-dist/tex/generic/pgf/libraries/pgflibraryplothan
dlers.code.tex)
(/usr/local/texlive/2024/texmf-dist/tex/generic/pgf/modules/pgfmodulematrix.cod
e.tex)
(/usr/local/texlive/2024/texmf-dist/tex/generic/pgf/frontendlayer/tikz/librarie
s/tikzlibrarytopaths.code.tex)))
(/usr/local/texlive/2024/texmf-dist/tex/latex/refcount/refcount.sty)
(/usr/local/texlive/2024/texmf-dist/tex/latex/changepage/changepage.sty)
(/usr/local/texlive/2024/texmf-dist/tex/latex/frankenstein/attrib.sty
(/usr/local/texlive/2024/texmf-dist/tex/latex/frankenstein/moredefs.sty))
(/usr/local/texlive/2024/texmf-dist/tex/latex/was/upgreek.sty)
(/usr/local/texlive/2024/texmf-dist/tex/latex/tools/tabularx.sty)
(/usr/local/texlive/2024/texmf-dist/tex/latex/pbox/pbox.sty)
(/usr/local/texlive/2024/texmf-dist/tex/latex/ragged2e/ragged2e.sty)
(/usr/local/texlive/2024/texmf-dist/tex/latex/tocloft/tocloft.sty)
(/usr/local/texlive/2024/texmf-dist/tex/latex/marginnote/marginnote.sty)
(/usr/local/texlive/2024/texmf-dist/tex/latex/marginfix/marginfix.sty)
(/usr/local/texlive/2024/texmf-dist/tex/latex/enotez/enotez.sty
(/usr/local/texlive/2024/texmf-dist/tex/latex/l3kernel/expl3.sty
(/usr/local/texlive/2024/texmf-dist/tex/latex/l3backend/l3backend-xetex.def))
(/usr/local/texlive/2024/texmf-dist/tex/latex/l3packages/xparse/xparse.sty)
(/usr/local/texlive/2024/texmf-dist/tex/latex/l3packages/l3keys2e/l3keys2e.sty)

(/usr/local/texlive/2024/texmf-dist/tex/latex/l3packages/xtemplate/xtemplate.st
y
(/usr/local/texlive/2024/texmf-dist/tex/latex/l3packages/xtemplate/xtemplate-20
23-10-10.sty))
(/usr/local/texlive/2024/texmf-dist/tex/latex/translations/translations.sty))
(/usr/local/texlive/2024/texmf-dist/tex/generic/xstring/xstring.sty
(/usr/local/texlive/2024/texmf-dist/tex/generic/xstring/xstring.tex))
(/usr/local/texlive/2024/texmf-dist/tex/latex/subfig/subfig.sty
(/usr/local/texlive/2024/texmf-dist/tex/latex/caption/caption.sty
(/usr/local/texlive/2024/texmf-dist/tex/latex/caption/caption3.sty)))
(/usr/local/texlive/2024/texmf-dist/tex/generic/alphalph/alphalph.sty
(/usr/local/texlive/2024/texmf-dist/tex/generic/intcalc/intcalc.sty))
(./Definitions/journalnames.tex)
(/usr/local/texlive/2024/texmf-dist/tex/latex/amscls/amsthm.sty)
(/usr/local/texlive/2024/texmf-dist/tex/latex/natbib/natbib.sty)
Check out XeLaTex!
(/usr/local/texlive/2024/texmf-dist/tex/latex/koma-script/scrextend.sty
(/usr/local/texlive/2024/texmf-dist/tex/latex/koma-script/scrkbase.sty
(/usr/local/texlive/2024/texmf-dist/tex/latex/koma-script/scrbase.sty
(/usr/local/texlive/2024/texmf-dist/tex/latex/koma-script/scrlfile.sty
(/usr/local/texlive/2024/texmf-dist/tex/latex/koma-script/scrlfile-hook.sty
(/usr/local/texlive/2024/texmf-dist/tex/latex/koma-script/scrlogo.sty))))))
(/usr/local/texlive/2024/texmf-dist/tex/latex/geometry/geometry.sty
(/usr/local/texlive/2024/texmf-dist/tex/generic/iftex/ifvtex.sty))
(/usr/local/texlive/2024/texmf-dist/tex/latex/newfloat/newfloat.sty)
(/usr/local/texlive/2024/texmf-dist/tex/latex/seqsplit/seqsplit.sty))
(/usr/local/texlive/2024/texmf-dist/tex/generic/pgf/libraries/pgflibraryarrows.
meta.code.tex)
(/usr/local/texlive/2024/texmf-dist/tex/generic/pgf/frontendlayer/tikz/librarie
s/tikzlibrarycalc.code.tex)
(/usr/local/texlive/2024/texmf-dist/tex/latex/hyperref/hyperref.sty
(/usr/local/texlive/2024/texmf-dist/tex/generic/pdfescape/pdfescape.sty)
(/usr/local/texlive/2024/texmf-dist/tex/latex/hycolor/hycolor.sty)
(/usr/local/texlive/2024/texmf-dist/tex/latex/auxhook/auxhook.sty)
(/usr/local/texlive/2024/texmf-dist/tex/latex/hyperref/nameref.sty
(/usr/local/texlive/2024/texmf-dist/tex/generic/gettitlestring/gettitlestring.s
ty)) (/usr/local/texlive/2024/texmf-dist/tex/latex/hyperref/pd1enc.def)
(/usr/local/texlive/2024/texmf-dist/tex/latex/hyperref/puenc.def)
(/usr/local/texlive/2024/texmf-dist/tex/latex/url/url.sty)
(/usr/local/texlive/2024/texmf-dist/tex/generic/bitset/bitset.sty
(/usr/local/texlive/2024/texmf-dist/tex/generic/bigintcalc/bigintcalc.sty))
(/usr/local/texlive/2024/texmf-dist/tex/latex/base/atbegshi-ltx.sty))
(/usr/local/texlive/2024/texmf-dist/tex/latex/hyperref/hxetex.def
(/usr/local/texlive/2024/texmf-dist/tex/generic/stringenc/stringenc.sty)
(/usr/local/texlive/2024/texmf-dist/tex/latex/rerunfilecheck/rerunfilecheck.sty
(/usr/local/texlive/2024/texmf-dist/tex/latex/base/atveryend-ltx.sty)
(/usr/local/texlive/2024/texmf-dist/tex/generic/uniquecounter/uniquecounter.sty
))) (/usr/local/texlive/2024/texmf-dist/tex/latex/cleveref/cleveref.sty)
(/usr/local/texlive/2024/texmf-dist/tex/latex/psnfss/t1ppl.fd) (./template.aux)
(/usr/local/texlive/2024/texmf-dist/tex/latex/base/ts1cmr.fd)
(/usr/local/texlive/2024/texmf-dist/tex/latex/microtype/mt-ppl.cfg)
(/usr/local/texlive/2024/texmf-dist/tex/latex/translations/translations-basic-d
ictionary-english.trsl)
*geometry* driver: auto-detecting
*geometry* detected driver: xetex
(./template.out) (./template.out)
(/usr/local/texlive/2024/texmf-dist/tex/latex/psnfss/ot1ppl.fd)
(/usr/local/texlive/2024/texmf-dist/tex/latex/psnfss/omlzplm.fd)
(/usr/local/texlive/2024/texmf-dist/tex/latex/psnfss/omszplm.fd)
(/usr/local/texlive/2024/texmf-dist/tex/latex/psnfss/omxzplm.fd)
(/usr/local/texlive/2024/texmf-dist/tex/latex/microtype/mt-msa.cfg)
(/usr/local/texlive/2024/texmf-dist/tex/latex/microtype/mt-msb.cfg)
(/usr/local/texlive/2024/texmf-dist/tex/latex/psnfss/ot1zplm.fd)
(/usr/local/texlive/2024/texmf-dist/tex/latex/microtype/mt-eur.cfg)

Package hyperref Warning: Token not allowed in a PDF string (Unicode):
(hyperref)                removing `math shift' on input line 72.

(/usr/local/texlive/2024/texmf-dist/tex/latex/lm/t1lmss.fd) [1]
(/usr/local/texlive/2024/texmf-dist/tex/latex/psnfss/ts1ppl.fd) [2] [3]
[4] [5] [6] [7] [8] [9] [10] [11] [12] [13]
Underfull \hbox (badness 10000) in paragraph at lines 480--480
[]|\T1/ppl/b/n/7 Grid res-o-lu-

Underfull \hbox (badness 10000) in paragraph at lines 482--482
[]|\T1/ppl/m/n/7 GEBCO Cas-ca-dia

Underfull \hbox (badness 1248) in paragraph at lines 482--482
[]|\T1/ppl/m/n/7 lon $\OMS/zplm/m/n/7 ^^@\OT1/ppl/m/n/7 126.8$ \T1/ppl/m/n/7 to
 $\OMS/zplm/m/n/7 ^^@\OT1/ppl/m/n/7 125.2$\T1/ppl/m/n/7 ; lat

Underfull \hbox (badness 10000) in paragraph at lines 483--483
[]|\T1/ppl/m/n/7 GEBCO Mon-terey

Underfull \hbox (badness 1248) in paragraph at lines 483--483
[]|\T1/ppl/m/n/7 lon $\OMS/zplm/m/n/7 ^^@\OT1/ppl/m/n/7 123.3$ \T1/ppl/m/n/7 to
 $\OMS/zplm/m/n/7 ^^@\OT1/ppl/m/n/7 122.3$\T1/ppl/m/n/7 ; lat
[14] [15] [16] [17] [18] [19] [20] [21]
(/usr/local/texlive/2024/texmf-dist/tex/latex/lm/t1lmtt.fd) [22] [23] [24]
[25] [26] [27] [28] [29] [30] [31] [32] [33] [34] [35] [36] [37]
Underfull \hbox (badness 10000) in paragraph at lines 999--1000
[]|\T1/lmtt/m/n/5 public_window_statistics/paired_deltas.csv\T1/ppl/m/n/5 ;

Underfull \hbox (badness 5105) in paragraph at lines 1002--1003
[]|\T1/lmtt/m/n/5 reproducibility_manifest.json\T1/ppl/m/n/5 ; release-readines
s con-
[38] [39] [40] [41] [42]
Underfull \hbox (badness 1221) in paragraph at lines 1079--1080
[]\T1/ppl/m/n/10 The claim is de-lib-er-ately scoped. The study pro-vides a re-
pro-ducible public-
[43] [44]
Underfull \hbox (badness 1701) in paragraph at lines 1133--1134
[]\T1/ppl/m/n/9 Yordanova V, Gips B. Cov-er-age path plan-ning with track spac-
ing adap-ta-tion for au-
[45]
Underfull \hbox (badness 10000) in paragraph at lines 1172--1173
[]\T1/ppl/m/n/9 Zhang J, Zhang T, Liu S. An outlier-robust Rao-Blackwellized pa
r-ti-cle fil-ter

Underfull \hbox (badness 10000) in paragraph at lines 1172--1173
\T1/ppl/m/n/9 for un-der-wa-ter terrain-aided nav-i-ga-tion. \T1/ppl/m/it/9 Oce
an En-gi-neer-ing\T1/ppl/m/n/9 . 2023;288:116006.

Underfull \hbox (badness 2096) in paragraph at lines 1175--1176
[]\T1/ppl/m/n/9 Ding P, Cheng X. A new contour-based com-bined match-ing al-go-
rithm for un-der-wa-

Underfull \hbox (badness 1067) in paragraph at lines 1175--1176
\T1/ppl/m/n/9 ter terrain-aided strap-down in-er-tial nav-i-ga-tion sys-tem. \T
1/ppl/m/it/9 Mea-sure-ment\T1/ppl/m/n/9 . 2022;202:111870.

Underfull \hbox (badness 10000) in paragraph at lines 1178--1179
[]\T1/ppl/m/n/9 Zhang J, Zhang T, Liu S, Xia M. A ro-bust par-ti-cle fil-ter fo
r am-bigu-ous up-

Underfull \hbox (badness 10000) in paragraph at lines 1178--1179
\T1/ppl/m/n/9 dates of un-der-wa-ter terrain-aided nav-i-ga-tion. \T1/ppl/m/it/
9 Mecha-tron-ics\T1/ppl/m/n/9 . 2024;98:103133.

Underfull \hbox (badness 1852) in paragraph at lines 1181--1182
[]\T1/ppl/m/n/9 Sture O, Lud-vigsen M. Feature-based bathy-met-ric match-ing of
 au-tonomous un-der-wa-

Underfull \hbox (badness 1596) in paragraph at lines 1181--1182
\T1/ppl/m/n/9 ter ve-hi-cle tran-sects us-ing ro-bust Gaus-sian pro-cesses. \T1
/ppl/m/it/9 Field Robotics\T1/ppl/m/n/9 . 2023;3:544-559.

Underfull \hbox (badness 1406) in paragraph at lines 1184--1185
\T1/ppl/m/n/9 long-range au-tonomous un-der-wa-ter ve-hi-cles. \T1/ppl/m/it/9 I
EEE/ASME Trans-ac-tions on Mecha-tron-ics\T1/ppl/m/n/9 .

Underfull \hbox (badness 2922) in paragraph at lines 1211--1212
[]\T1/ppl/m/n/9 Zhang Y, Wang Q, Shen Y, Wang T, Dai N, He B. Multi-AUV co-op-e
r-a-tive search

Underfull \hbox (badness 3260) in paragraph at lines 1211--1212
\T1/ppl/m/n/9 method based on dy-namic op-ti-mal cov-er-age. \T1/ppl/m/it/9 Oce
an En-gi-neer-ing\T1/ppl/m/n/9 . 2023;288:116168.
[46]
Underfull \hbox (badness 10000) in paragraph at lines 1238--1239
[]\T1/ppl/m/n/9 Tang F. Cov-er-age path plan-ning of un-manned sur-face ve-hi-c
le based on im-

Underfull \hbox (badness 6725) in paragraph at lines 1238--1239
\T1/ppl/m/n/9 proved bi-o-log-i-cal in-spired neu-ral net-work. \T1/ppl/m/it/9
Ocean En-gi-neer-ing\T1/ppl/m/n/9 . 2023;278:114354.
[47]
enddocument/afterlastpage: lastpage setting LastPage.
(./template.aux) )
(see the transcript file for additional information)
Output written on template.pdf (47 pages).
Transcript written on template.log.
